﻿
> breakingjob-frontend@0.0.0 build
> vite build

[36mvite v8.0.8 [32mbuilding client environment for production...[36m[39m
[2K
transforming...Γ£ô 31 modules transformed.
node.exe : [31mΓ£ù[39m Build failed in 1.25s
At line:1 char:1
+ & "C:\Program Files\nodejs/node.exe" "C:\Program Files\nodejs/node_mo ...
+ ~~~~~~~~~~~~~~~~~~~~~~~~~~~~~~~~~~~~~~~~~~~~~~~~~~~~~~~~~~~~~~~~~~~~~
    + CategoryInfo          : NotSpecified: ([31mΓ£ù[39m Build failed in 1.25s:String) [], RemoteException
    + FullyQualifiedErrorId : NativeCommandError
 
[31merror during build:
[31mBuild failed with 1 error:

[plugin @rolldown/plugin-babel] D:/BreakingJob/breakingjob-frontend/src/pages/RecruiterHome.jsx:238:35
RolldownError: [BabelError] D:\BreakingJob\breakingjob-frontend\src\pages\RecruiterHome.jsx: Unexpected token (238:35)

[0m [90m 236 |[31m                     [33m<[31m[33m/[31m[33mdiv[31m[33m>[31m
 [90m 237 |[31m                   )}
[31m[1m>[22m[31m[90m 238 |[31m                 [33m<[31m                  [33m<[31m[33mdiv[31m 
className[33m=[31m[32m"flex gap-6 mt-4 sm:mt-0 items-center shrink-0"[31m[33m>[31m
 [90m     |[31m                                    [31m[1m^[22m[31m
 [90m 239 |[31m                   [33m<[31m[33mdiv[31m 
 [90m 240 |[31m                     onClick[33m=[31m{() [33m=>[31m handleViewApplicants(job)}
 [90m 241 |[31m                     className[33m=[31m[32m"flex flex-col items-center cursor-pointer 
hover:bg-[#333] p-2 rounded transition-colors group/app"[31m[33m>[31m[0m
    at error (file:///D:/BreakingJob/breakingjob-frontend/node_modules/vite/node_modules/rolldown/dist/shared/logs-D80C
Xhvg.mjs:147:24)
    at TransformPluginContextImpl.error (file:///D:/BreakingJob/breakingjob-frontend/node_modules/vite/node_modules/rol
ldown/dist/shared/bindingify-input-options-DYpBf1OG.mjs:1033:10)
    at TransformPluginContextImpl.handler 
(file:///D:/BreakingJob/breakingjob-frontend/node_modules/@rolldown/plugin-babel/dist/index.mjs:404:11)
    at async plugin (file:///D:/BreakingJob/breakingjob-frontend/node_modules/vite/node_modules/rolldown/dist/shared/bi
ndingify-input-options-DYpBf1OG.mjs:1172:16)
    at async plugin.<computed> (file:///D:/BreakingJob/breakingjob-frontend/node_modules/vite/node_modules/rolldown/dis
t/shared/bindingify-input-options-DYpBf1OG.mjs:1636:12)
Caused by:
  SyntaxError: D:\BreakingJob\breakingjob-frontend\src\pages\RecruiterHome.jsx: Unexpected token (238:35)
  
  [0m [90m 236 |[31m                     [33m<[31m[33m/[31m[33mdiv[31m[33m>[31m
   [90m 237 |[31m                   )}
  [31m[1m>[22m[31m[90m 238 |[31m                 [33m<[31m                  [33m<[31m[33mdiv[31m 
className[33m=[31m[32m"flex gap-6 mt-4 sm:mt-0 items-center shrink-0"[31m[33m>[31m
   [90m     |[31m                                    [31m[1m^[22m[31m
   [90m 239 |[31m                   [33m<[31m[33mdiv[31m 
   [90m 240 |[31m                     onClick[33m=[31m{() [33m=>[31m handleViewApplicants(job)}
   [90m 241 |[31m                     className[33m=[31m[32m"flex flex-col items-center cursor-pointer 
hover:bg-[#333] p-2 rounded transition-colors group/app"[31m[33m>[31m[0m
      at constructor (D:\BreakingJob\breakingjob-frontend\node_modules\@babel\parser\lib\index.js:365:19)
      at JSXParserMixin.raise (D:\BreakingJob\breakingjob-frontend\node_modules\@babel\parser\lib\index.js:6599:19)
      at JSXParserMixin.unexpected 
(D:\BreakingJob\breakingjob-frontend\node_modules\@babel\parser\lib\index.js:6619:16)
      at JSXParserMixin.jsxParseIdentifier 
(D:\BreakingJob\breakingjob-frontend\node_modules\@babel\parser\lib\index.js:4569:12)
      at JSXParserMixin.jsxParseNamespacedName 
(D:\BreakingJob\breakingjob-frontend\node_modules\@babel\parser\lib\index.js:4576:23)
      at JSXParserMixin.jsxParseElementName 
(D:\BreakingJob\breakingjob-frontend\node_modules\@babel\parser\lib\index.js:4585:21)
      at JSXParserMixin.jsxParseOpeningElementAt 
(D:\BreakingJob\breakingjob-frontend\node_modules\@babel\parser\lib\index.js:4661:22)
      at JSXParserMixin.jsxParseElementAt 
(D:\BreakingJob\breakingjob-frontend\node_modules\@babel\parser\lib\index.js:4686:33)
      at JSXParserMixin.jsxParseElementAt 
(D:\BreakingJob\breakingjob-frontend\node_modules\@babel\parser\lib\index.js:4698:32)
      at JSXParserMixin.jsxParseElementAt 
(D:\BreakingJob\breakingjob-frontend\node_modules\@babel\parser\lib\index.js:4698:32)
      at JSXParserMixin.jsxParseElement 
(D:\BreakingJob\breakingjob-frontend\node_modules\@babel\parser\lib\index.js:4749:17)
      at JSXParserMixin.parseExprAtom 
(D:\BreakingJob\breakingjob-frontend\node_modules\@babel\parser\lib\index.js:4759:19)
      at JSXParserMixin.parseExprSubscripts 
(D:\BreakingJob\breakingjob-frontend\node_modules\@babel\parser\lib\index.js:11081:23)
      at JSXParserMixin.parseUpdate 
(D:\BreakingJob\breakingjob-frontend\node_modules\@babel\parser\lib\index.js:11066:21)
      at JSXParserMixin.parseMaybeUnary 
(D:\BreakingJob\breakingjob-frontend\node_modules\@babel\parser\lib\index.js:11046:23)
      at JSXParserMixin.parseMaybeUnaryOrPrivate 
(D:\BreakingJob\breakingjob-frontend\node_modules\@babel\parser\lib\index.js:10899:61)
      at JSXParserMixin.parseExprOps 
(D:\BreakingJob\breakingjob-frontend\node_modules\@babel\parser\lib\index.js:10904:23)
      at JSXParserMixin.parseMaybeConditional 
(D:\BreakingJob\breakingjob-frontend\node_modules\@babel\parser\lib\index.js:10881:23)
      at JSXParserMixin.parseMaybeAssign 
(D:\BreakingJob\breakingjob-frontend\node_modules\@babel\parser\lib\index.js:10831:21)
      at D:\BreakingJob\breakingjob-frontend\node_modules\@babel\parser\lib\index.js:10800:39
      at JSXParserMixin.allowInAnd 
(D:\BreakingJob\breakingjob-frontend\node_modules\@babel\parser\lib\index.js:12426:12)
      at JSXParserMixin.parseMaybeAssignAllowIn 
(D:\BreakingJob\breakingjob-frontend\node_modules\@babel\parser\lib\index.js:10800:17)
      at JSXParserMixin.parseMaybeAssignAllowInOrVoidPattern 
(D:\BreakingJob\breakingjob-frontend\node_modules\@babel\parser\lib\index.js:12493:17)
      at JSXParserMixin.parseParenAndDistinguishExpression 
(D:\BreakingJob\breakingjob-frontend\node_modules\@babel\parser\lib\index.js:11675:28)
      at JSXParserMixin.parseExprAtom 
(D:\BreakingJob\breakingjob-frontend\node_modules\@babel\parser\lib\index.js:11331:23)
      at JSXParserMixin.parseExprAtom 
(D:\BreakingJob\breakingjob-frontend\node_modules\@babel\parser\lib\index.js:4764:20)
      at JSXParserMixin.parseExprSubscripts 
(D:\BreakingJob\breakingjob-frontend\node_modules\@babel\parser\lib\index.js:11081:23)
      at JSXParserMixin.parseUpdate 
(D:\BreakingJob\breakingjob-frontend\node_modules\@babel\parser\lib\index.js:11066:21)
      at JSXParserMixin.parseMaybeUnary 
(D:\BreakingJob\breakingjob-frontend\node_modules\@babel\parser\lib\index.js:11046:23)
      at JSXParserMixin.parseMaybeUnaryOrPrivate 
(D:\BreakingJob\breakingjob-frontend\node_modules\@babel\parser\lib\index.js:10899:61)
      at JSXParserMixin.parseExprOps 
(D:\BreakingJob\breakingjob-frontend\node_modules\@babel\parser\lib\index.js:10904:23)
      at JSXParserMixin.parseMaybeConditional 
(D:\BreakingJob\breakingjob-frontend\node_modules\@babel\parser\lib\index.js:10881:23)
      at JSXParserMixin.parseMaybeAssign 
(D:\BreakingJob\breakingjob-frontend\node_modules\@babel\parser\lib\index.js:10831:21)
      at JSXParserMixin.parseFunctionBody 
(D:\BreakingJob\breakingjob-frontend\node_modules\@babel\parser\lib\index.js:12093:24)
      at JSXParserMixin.parseArrowExpression 
(D:\BreakingJob\breakingjob-frontend\node_modules\@babel\parser\lib\index.js:12075:10)
      at JSXParserMixin.parseParenAndDistinguishExpression 
(D:\BreakingJob\breakingjob-frontend\node_modules\@babel\parser\lib\index.js:11687:12)
      at JSXParserMixin.parseExprAtom 
(D:\BreakingJob\breakingjob-frontend\node_modules\@babel\parser\lib\index.js:11331:23)
      at JSXParserMixin.parseExprAtom 
(D:\BreakingJob\breakingjob-frontend\node_modules\@babel\parser\lib\index.js:4764:20)
      at JSXParserMixin.parseExprSubscripts 
(D:\BreakingJob\breakingjob-frontend\node_modules\@babel\parser\lib\index.js:11081:23)
      at JSXParserMixin.parseUpdate 
(D:\BreakingJob\breakingjob-frontend\node_modules\@babel\parser\lib\index.js:11066:21)
      at JSXParserMixin.parseMaybeUnary 
(D:\BreakingJob\breakingjob-frontend\node_modules\@babel\parser\lib\index.js:11046:23)
      at JSXParserMixin.parseMaybeUnaryOrPrivate 
(D:\BreakingJob\breakingjob-frontend\node_modules\@babel\parser\lib\index.js:10899:61)
      at JSXParserMixin.parseExprOps 
(D:\BreakingJob\breakingjob-frontend\node_modules\@babel\parser\lib\index.js:10904:23)
      at JSXParserMixin.parseMaybeConditional 
(D:\BreakingJob\breakingjob-frontend\node_modules\@babel\parser\lib\index.js:10881:23)
      at JSXParserMixin.parseMaybeAssign 
(D:\BreakingJob\breakingjob-frontend\node_modules\@babel\parser\lib\index.js:10831:21)
      at D:\BreakingJob\breakingjob-frontend\node_modules\@babel\parser\lib\index.js:10800:39
      at JSXParserMixin.allowInAnd 
(D:\BreakingJob\breakingjob-frontend\node_modules\@babel\parser\lib\index.js:12426:12)
      at JSXParserMixin.parseMaybeAssignAllowIn 
(D:\BreakingJob\breakingjob-frontend\node_modules\@babel\parser\lib\index.js:10800:17)
      at JSXParserMixin.parseMaybeAssignAllowInOrVoidPattern 
(D:\BreakingJob\breakingjob-frontend\node_modules\@babel\parser\lib\index.js:12493:17)
      at JSXParserMixin.parseExprListItem 
(D:\BreakingJob\breakingjob-frontend\node_modules\@babel\parser\lib\index.js:12175:18)[31m
    at aggregateBindingErrorsIntoJsError (file:///D:/BreakingJob/breakingjob-frontend/node_modules/vite/node_modules/ro
lldown/dist/shared/error-w0u7biK-.mjs:48:18)
    at unwrapBindingResult (file:///D:/BreakingJob/breakingjob-frontend/node_modules/vite/node_modules/rolldown/dist/sh
ared/error-w0u7biK-.mjs:18:128)
    at #build (file:///D:/BreakingJob/breakingjob-frontend/node_modules/vite/node_modules/rolldown/dist/shared/rolldown
-build-DtGk-m96.mjs:3313:34)
    at async buildEnvironment 
(file:///D:/BreakingJob/breakingjob-frontend/node_modules/vite/dist/node/chunks/node.js:32954:64)
    at async Object.build 
(file:///D:/BreakingJob/breakingjob-frontend/node_modules/vite/dist/node/chunks/node.js:33376:19)
    at async Object.buildApp 
(file:///D:/BreakingJob/breakingjob-frontend/node_modules/vite/dist/node/chunks/node.js:33373:153)
    at async CAC.<anonymous> (file:///D:/BreakingJob/breakingjob-frontend/node_modules/vite/dist/node/cli.js:778:3) {
  errors: [Getter/Setter]
}[39m
